// Jest Snapshot v1, https://goo.gl/fbAQLP

exports[`test PriceForm component snapshot 1`] = `ReactWrapper {}`;

exports[`test PriceForm component snapshot 2`] = `ReactWrapper {}`;
