// Jest Snapshot v1, https://goo.gl/fbAQLP

exports[`PriceList component shoule render the component to match snapshot 1`] = `ShallowWrapper {}`;
